conexus
TFS
VSS
Mercurial

SVN - centralized vcs 
    -  

GIT - 


repository - database

save point
rollback
commit

VCS - version control system 

SCM - source code management tool

rcs - revision control system


DVCS


Git Hub ?
lab
bit bucket

VCS
DVCS

git basic commands



working directory

	folder on ur system - where u have ur project

git repo

	staging area (index)

	local repository

git init - will initialize git repository on the wroking directory

once u initilize it as git repo u will get a .git folder (hidden) on the WrkDir

git add

	git add a.txt b.txt
	git add .
		-here dot means all the untracked files in the wrk dir

git commit 
	git commit -m 
		-m for giving msg or info abt the commit

	if missed out

	git commit alone

	it takes us to VI editor

		click insert key and type ur commit msgs and click esc key
		and type :wq

		where :w is to write the chnages made
		q - quit from VI editor

	
git status

git log

git reflog

B:\gitrepo>cd..                                                                                                                                                                                                   B:\>mkdir gitrepo                                                                                                                                                                                                 B:\>cd gitrepo                                                                                                                                                                                                    B:\gitrepo>git add                                                                                       fatal: Not a git repository (or any of the parent directories): .git                                                                                                                                              B:\gitrepo>git init                                                                                      Initialized empty Git repository in B:/gitrepo/.git/                                                                                                                                                              B:\gitrepo>git status                                                                                    On branch master                                                                                                                                                                                                  Initial commit                                                                                                                                                                                                    Untracked files:                                                                                           (use "git add <file>..." to include in what will be committed)                                                                                                                                                          a.txt                                                                                                                                                                                                     nothing added to commit but untracked files present (use "git add" to track)                                                                                                                                      B:\gitrepo>git status                                                                                    On branch master                                                                                                                                                                                                  Initial commit                                                                                                                                                                                                    Untracked files:                                                                                           (use "git add <file>..." to include in what will be committed)                                                                                                                                                          a.txt                                                                                                                                                                                                     nothing added to commit but untracked files present (use "git add" to track)                                                                                                                                      B:\gitrepo>git add a.txt                                                                                                                                                                                          B:\gitrepo>git status                                                                                    On branch master                                                                                                                                                                                                  Initial commit                                                                                                                                                                                                    Changes to be committed:                                                                                   (use "git rm --cached <file>..." to unstage)                                                                                                                                                                            new file:   a.txt                                                                                                                                                                                                                                                                                                  B:\gitrepo>git status                                                                                    On branch master                                                                                                                                                                                                  Initial commit                                                                                                                                                                                                    Changes to be committed:                                                                                   (use "git rm --cached <file>..." to unstage)                                                                                                                                                                            new file:   a.txt                                                                                                                                                                                         Untracked files:                                                                                           (use "git add <file>..." to include in what will be committed)                                                                                                                                                          b.txt                                                                                                                                                                                                                                                                                                              B:\gitrepo>git add b.txt                                                                                                                                                                                          B:\gitrepo>git status                                                                                    On branch master                                                                                                                                                                                                  Initial commit                                                                                                                                                                                                    Changes to be committed:                                                                                   (use "git rm --cached <file>..." to unstage)                                                                                                                                                                            new file:   a.txt                                                                                        new file:   b.txt                                                                                                                                                                                                                                                                                                  B:\gitrepo>git rm --cached b.txt                                                                         rm 'b.txt'                                                                                                                                                                                                        B:\gitrepo>git status                                                                                    On branch master                                                                                                                                                                                                  Initial commit                                                                                                                                                                                                    Changes to be committed:                                                                                   (use "git rm --cached <file>..." to unstage)                                                                                                                                                                            new file:   a.txt                                                                                                                                                                                         Untracked files:                                                                                           (use "git add <file>..." to include in what will be committed)                                                                                                                                                          b.txt                                                                                                                                                                                                                                                                                                              B:\gitrepo>git add b.txt                                                                                                                                                                                          B:\gitrepo>git status                                                                                    On branch master                                                                                                                                                                                                  Initial commit                                                                                                                                                                                                    Changes to be committed:                                                                                   (use "git rm --cached <file>..." to unstage)                                                                                                                                                                            new file:   a.txt                                                                                        new file:   b.txt                                                                                                                                                                                                                                                                                                  B:\gitrepo>git rm --cached a.txt b.txt                                                                   rm 'a.txt'                                                                                               rm 'b.txt'                                                                                                                                                                                                        B:\gitrepo>git status                                                                                    On branch master                                                                                                                                                                                                  Initial commit                                                                                                                                                                                                    Untracked files:                                                                                           (use "git add <file>..." to include in what will be committed)                                                                                                                                                          a.txt                                                                                                    b.txt                                                                                                                                                                                                     nothing added to commit but untracked files present (use "git add" to track)                                                                                                                                      B:\gitrepo>git add a.txt                                                                                                                                                                                          B:\gitrepo>git status                                                                                    On branch master                                                                                                                                                                                                  Initial commit                                                                                                                                                                                                    Changes to be committed:                                                                                   (use "git rm --cached <file>..." to unstage)                                                                                                                                                                            new file:   a.txt                                                                                                                                                                                         Untracked files:                                                                                           (use "git add <file>..." to include in what will be committed)                                                                                                                                                          b.txt                                                                                                                                                                                                                                                                                                              B:\gitrepo>git status                                                                                    On branch master                                                                                                                                                                                                  Initial commit                                                                                                                                                                                                    Changes to be committed:                                                                                   (use "git rm --cached <file>..." to unstage)                                                                                                                                                                            new file:   a.txt                                                                                                                                                                                         Changes not staged for commit:                                                                             (use "git add <file>..." to update what will be committed)                                               (use "git checkout -- <file>..." to discard changes in working directory)                                                                                                                                               modified:   a.txt                                                                                                                                                                                         Untracked files:                                                                                           (use "git add <file>..." to include in what will be committed)                                                                                                                                                          b.txt                                                                                                                                                                                                                                                                                                              B:\gitrepo>git commit -m "first commit v1.0"                                                             [master (root-commit) 9e1ff3e] first commit v1.0                                                          1 file changed, 1 insertion(+)                                                                           create mode 100644 a.txt                                                                                                                                                                                         B:\gitrepo>git status                                                                                    On branch master                                                                                         Changes not staged for commit:                                                                             (use "git add <file>..." to update what will be committed)                                               (use "git checkout -- <file>..." to discard changes in working directory)                                                                                                                                               modified:   a.txt                                                                                                                                                                                         Untracked files:                                                                                           (use "git add <file>..." to include in what will be committed)                                                                                                                                                          b.txt                                                                                                                                                                                                     no changes added to commit (use "git add" and/or "git commit -a")                                                                                                                                                 B:\gitrepo>git add .                                                                                                                                                                                              B:\gitrepo>git status                                                                                    On branch master                                                                                         Changes to be committed:                                                                                   (use "git reset HEAD <file>..." to unstage)                                                                                                                                                                             modified:   a.txt                                                                                        new file:   b.txt                                                                                                                                                                                                                                                                                                  B:\gitrepo>git status                                                                                    On branch master                                                                                         Changes to be committed:                                                                                   (use "git reset HEAD <file>..." to unstage)                                                                                                                                                                             modified:   a.txt                                                                                        new file:   b.txt                                                                                                                                                                                         Untracked files:                                                                                           (use "git add <file>..." to include in what will be committed)                                                                                                                                                          c.txt                                                                                                    d.txt                                                                                                                                                                                                                                                                                                              B:\gitrepo>git add c.txt d.txt                                                                                                                                                                                    B:\gitrepo>git status                                                                                    On branch master                                                                                         Changes to be committed:                                                                                   (use "git reset HEAD <file>..." to unstage)                                                                                                                                                                             modified:   a.txt                                                                                        new file:   b.txt                                                                                        new file:   c.txt                                                                                        new file:   d.txt                                                                                                                                                                                                                                                                                                  B:\gitrepo>git rm --cached c.txt d.txt                                                                   rm 'c.txt'                                                                                               rm 'd.txt'                                                                                                                                                                                                        B:\gitrepo>git status                                                                                    On branch master                                                                                         Changes to be committed:                                                                                   (use "git reset HEAD <file>..." to unstage)                                                                                                                                                                             modified:   a.txt                                                                                        new file:   b.txt                                                                                                                                                                                         Untracked files:                                                                                           (use "git add <file>..." to include in what will be committed)                                                                                                                                                          c.txt                                                                                                    d.txt                                                                                                                                                                                                                                                                                                              B:\gitrepo>git add .                                                                                                                                                                                              B:\gitrepo>git status                                                                                    On branch master                                                                                         Changes to be committed:                                                                                   (use "git reset HEAD <file>..." to unstage)                                                                                                                                                                             modified:   a.txt                                                                                        new file:   b.txt                                                                                        new file:   c.txt                                                                                        new file:   d.txt                                                                                                                                                                                                                                                                                                  B:\gitrepo>git commit -m "second commit - v2.0 - modified -a.txt, added bcd.txt files"                   [master 2d45d3f] second commit - v2.0 - modified -a.txt, added bcd.txt files                              4 files changed, 5 insertions(+), 1 deletion(-)                                                          create mode 100644 b.txt                                                                                 create mode 100644 c.txt                                                                                 create mode 100644 d.txt                                                                                                                                                                                         B:\gitrepo>git log                                                                                       commit 2d45d3feffa1621b22508b77facbf724f4e9becc                                                          Author: kathir <natararajan1959@gmail.com>                                                               Date:   Thu Jul 9 16:00:47 2020 +0530                                                                                                                                                                                 second commit - v2.0 - modified -a.txt, added bcd.txt files                                                                                                                                                   commit 9e1ff3e388a4c448ddb7589fec62f1952ad058b5                                                          Author: kathir <natararajan1959@gmail.com>                                                               Date:   Thu Jul 9 15:55:36 2020 +0530                                                                                                                                                                                 first commit v1.0                                                                                                                                                                                             B:\gitrepo>git reflog                                                                                    2d45d3f HEAD@{0}: commit: second commit - v2.0 - modified -a.txt, added bcd.txt files                    9e1ff3e HEAD@{1}: commit (initial): first commit v1.0                                                                                                                                                             B:\gitrepo>git add .                                                                                                                                                                                              B:\gitrepo>git status                                                                                    On branch master                                                                                         Changes to be committed:                                                                                   (use "git reset HEAD <file>..." to unstage)                                                                                                                                                                             new file:   e.txt                                                                                                                                                                                                                                                                                                  B:\gitrepo>git commit                                                                                    [master ef06a9b] this s sample vi editor
 1 file changed, 1 insertion(+)
 create mode 100644 e.txt

B:\gitrepo>git status
On branch master
Changes not staged for commit:
  (use "git add <file>..." to update what will be committed)
  (use "git checkout -- <file>..." to discard changes in working directory)

        modified:   e.txt

no changes added to commit (use "git add" and/or "git commit -a")

B:\gitrepo>git checkout e.txt

B:\gitrepo>git status
On branch master
nothing to commit, working directory clean

B:\gitrepo>git remote add origin https://github.com/kathir-freelance/julyrepo.git

B:\gitrepo>git push
fatal: The current branch master has no upstream branch.
To push the current branch and set the remote as upstream, use

    git push --set-upstream origin master


B:\gitrepo>git push --set-upstream origin master
Fatal: HttpRequestException encountered.
Username for 'https://github.com': natararajan1959@gmail.com
Password for 'https://natararajan1959@gmail.com@github.com':
Counting objects: 9, done.
Delta compression using up to 8 threads.
Compressing objects: 100% (6/6), done.
Writing objects: 100% (9/9), 750 bytes | 0 bytes/s, done.
Total 9 (delta 1), reused 0 (delta 0)
remote: Resolving deltas: 100% (1/1), done.
To https://github.com/kathir-freelance/julyrepo.git
 * [new branch]      master -> master
Branch master set up to track remote branch master from origin.














